// Vitest Snapshot v1, https://vitest.dev/guide/snapshot.html

exports[`useElementMeasure-ssr > should work without a DOM 1`] = `
"<pre>{
  &quot;absoluteHeight&quot;: 0,
  &quot;absoluteWidth&quot;: 0,
  &quot;bottom&quot;: 0,
  &quot;height&quot;: 0,
  &quot;left&quot;: 0,
  &quot;right&quot;: 0,
  &quot;top&quot;: 0,
  &quot;width&quot;: 0,
  &quot;x&quot;: 0,
  &quot;y&quot;: 0
}</pre>"
`;
