// Vitest Snapshot v1, https://vitest.dev/guide/snapshot.html

exports[`useMeasure > should re-initialize if target changes > after render 1`] = `
{
  "absoluteHeight": 100,
  "absoluteWidth": 640,
  "bottom": 100,
  "height": 100,
  "left": 0,
  "right": 640,
  "top": 0,
  "width": 640,
  "x": 0,
  "y": 0,
}
`;

exports[`useMeasure > should re-initialize if target changes > initial 1`] = `
{
  "absoluteHeight": 0,
  "absoluteWidth": 0,
  "bottom": 0,
  "height": 0,
  "left": 0,
  "right": 0,
  "top": 0,
  "width": 0,
  "x": 0,
  "y": 0,
}
`;

exports[`useMeasure > should return the default dimensions with an invalid string selector > after render 1`] = `
{
  "absoluteHeight": 0,
  "absoluteWidth": 0,
  "bottom": 0,
  "height": 0,
  "left": 0,
  "right": 0,
  "top": 0,
  "width": 0,
  "x": 0,
  "y": 0,
}
`;

exports[`useMeasure > should return the default dimensions with an invalid string selector > initial 1`] = `
{
  "absoluteHeight": 0,
  "absoluteWidth": 0,
  "bottom": 0,
  "height": 0,
  "left": 0,
  "right": 0,
  "top": 0,
  "width": 0,
  "x": 0,
  "y": 0,
}
`;

exports[`useMeasure > should return the dimensions with a "'#root'" target > after resize 1`] = `
{
  "absoluteHeight": 100,
  "absoluteWidth": 640,
  "bottom": 100,
  "height": 100,
  "left": 0,
  "right": 640,
  "top": 0,
  "width": 640,
  "x": 0,
  "y": 0,
}
`;

exports[`useMeasure > should return the dimensions with a "'#root'" target > initial 1`] = `
{
  "absoluteHeight": 92,
  "absoluteWidth": 632,
  "bottom": 120,
  "height": 100,
  "left": 200,
  "right": 200,
  "top": 20,
  "width": 640,
  "x": 20,
  "y": 120,
}
`;

exports[`useMeasure > should return the dimensions with a "'element'" target > after resize 1`] = `
{
  "absoluteHeight": 100,
  "absoluteWidth": 640,
  "bottom": 100,
  "height": 100,
  "left": 0,
  "right": 640,
  "top": 0,
  "width": 640,
  "x": 0,
  "y": 0,
}
`;

exports[`useMeasure > should return the dimensions with a "'element'" target > initial 1`] = `
{
  "absoluteHeight": 92,
  "absoluteWidth": 632,
  "bottom": 120,
  "height": 100,
  "left": 200,
  "right": 200,
  "top": 20,
  "width": 640,
  "x": 20,
  "y": 120,
}
`;

exports[`useMeasure > should return the dimensions with a "'ref'" target > after resize 1`] = `
{
  "absoluteHeight": 100,
  "absoluteWidth": 640,
  "bottom": 100,
  "height": 100,
  "left": 0,
  "right": 640,
  "top": 0,
  "width": 640,
  "x": 0,
  "y": 0,
}
`;

exports[`useMeasure > should return the dimensions with a "'ref'" target > initial 1`] = `
{
  "absoluteHeight": 92,
  "absoluteWidth": 632,
  "bottom": 120,
  "height": 100,
  "left": 200,
  "right": 200,
  "top": 20,
  "width": 640,
  "x": 20,
  "y": 120,
}
`;
